<html>
<body>
<pre>
<h1>µVision Build Log</h1>
<h2>Tool Versions:</h2>
IDE-Version: µVision V5.39.0.0
Copyright (C) 2023 ARM Ltd and ARM Germany GmbH. All rights reserved.
License Information: Jeremy Goh, NA, LIC=----
 
Tool Versions:
Toolchain:       MDK-Lite  Version: 5.39.0.0
Toolchain Path:  C:\Keil_v5\ARM\ARMCLANG\Bin
C Compiler:      ArmClang.exe V6.21
Assembler:       Armasm.exe V6.21
Linker/Locator:  ArmLink.exe V6.21
Library Manager: ArmAr.exe V6.21
Hex Converter:   FromElf.exe V6.21
CPU DLL:         SARMCM3.DLL V5.39.0.0
Dialog DLL:      DCM.DLL V1.17.5.0
Target DLL:      STLink\ST-LINKIII-KEIL_SWO.dll V3.2.0.0
Dialog DLL:      TCM.DLL V1.56.4.0
 
<h2>Project:</h2>
C:\Users\jerem\Keil_Projects\fan\fan.uvprojx
Project File Date:  08/02/2024

<h2>Output:</h2>
*** Using Compiler 'V6.21', folder: 'C:\Keil_v5\ARM\ARMCLANG\Bin'
Build target 'Target 1'
compiling pwm.c...
timer7.c(27): warning: no newline at end of file [-Wnewline-eof]
   27 | }
      |  ^
1 warning generated.
compiling timer7.c...
compiling button.c...
adc.c(33): warning: a function declaration without a prototype is deprecated in all versions of C [-Wstrict-prototypes]
   33 | void enable_ADC1()
      |                 ^
      |                  void
adc.c(65): warning: a function declaration without a prototype is deprecated in all versions of C [-Wstrict-prototypes]
   65 | uint32_t read_ADC1()
      |                   ^
      |                    void
adc.c(74): warning: mixing declarations and code is incompatible with standards before C99 [-Wdeclaration-after-statement]
   74 |         uint32_t out = ADC1 -> DR;
      |                  ^
adc.c(80): warning: a function declaration without a prototype is deprecated in all versions of C [-Wstrict-prototypes]
   80 | void disable_ADC1()
      |                  ^
      |                   void
4 warnings generated.
compiling adc.c...
RTE/Device/STM32F303RETx/system_stm32f3xx.c(70): warning: In file included from...
C:/Users/jerem/AppData/Local/Arm/Packs/Keil/STM32F3xx_DFP/2.2.2/Drivers/CMSIS/Device/ST/STM32F3xx/Include\stm32f3xx.h(11): warning: invalid UTF-8 in comment [-Winvalid-utf8]
   11 |   *              - To use or not the peripheral<92>s drivers in application code(i.e. 
      |                                                ^
C:/Users/jerem/AppData/Local/Arm/Packs/Keil/STM32F3xx_DFP/2.2.2/Drivers/CMSIS/Device/ST/STM32F3xx/Include\stm32f3xx.h(12): warning: invalid UTF-8 in comment [-Winvalid-utf8]
   12 |   *                code will be based on direct access to peripheral<92>s registers 
      |                                                                     ^
RTE/Device/STM32F303RETx/system_stm32f3xx.c(273): warning: unsafe buffer access [-Wunsafe-buffer-usage]
  273 |   tmp = AHBPrescTable[((RCC->CFGR & RCC_CFGR_HPRE) >> 4)];
      |         ^~~~~~~~~~~~~
3 warnings generated.
compiling system_stm32f3xx.c...
main.c(6): warning: a function declaration without a prototype is deprecated in all versions of C [-Wstrict-prototypes]
    6 | int main()
      |         ^
      |          void
1 warning generated.
compiling main.c...
linking...
Program Size: Code=1900 RO-data=420 RW-data=0 ZI-data=1640  
FromELF: creating hex file...
".\Objects\fan.axf" - 0 Error(s), 9 Warning(s).

<h2>Software Packages used:</h2>

Package Vendor: ARM
                http://www.keil.com/pack/ARM.CMSIS.5.9.0.pack
                ARM::CMSIS@5.9.0
                CMSIS (Common Microcontroller Software Interface Standard)
   * Component: CORE Version: 5.6.0

Package Vendor: Keil
                http://www.keil.com/pack/Keil.STM32F3xx_DFP.2.2.2.pack
                Keil::STM32F3xx_DFP@2.2.2
                STMicroelectronics STM32F3 Series Device Support and Examples
   * Component: Startup Version: 1.11.3

<h2>Collection of Component include folders:</h2>
  ./RTE/_Target_1
  C:/Users/jerem/AppData/Local/Arm/Packs/ARM/CMSIS/5.9.0/CMSIS/Core/Include
  C:/Users/jerem/AppData/Local/Arm/Packs/Keil/STM32F3xx_DFP/2.2.2/Drivers/CMSIS/Device/ST/STM32F3xx/Include

<h2>Collection of Component Files used:</h2>

   * Component: ARM::CMSIS:CORE@5.6.0

   * Component: Keil::Device&Standalone:Startup@1.11.3
      Source file:   Drivers/CMSIS/Device/ST/STM32F3xx/Source/Templates/system_stm32f3xx.c
      Include file:  Drivers/CMSIS/Device/ST/STM32F3xx/Include/stm32f3xx.h
      Source file:   Drivers/CMSIS/Device/ST/STM32F3xx/Source/Templates/arm/startup_stm32f303xe.s
      Source file:   MDK/Device/Source/ARM/STM32F3xx_OPT.s
Build Time Elapsed:  00:00:01
</pre>
</body>
</html>
